src/app/(dashboard)/oa/dashboard/page.tsx(165,37): error TS2322: Type '(value: number) => [string, "Usage"]' is not assignable to type 'Formatter<number, "Usage"> & ((value: number, name: "Usage", item: Payload<number, "Usage">, index: number, payload: Payload<number, "Usage">[]) => ReactNode | [...])'.
  Type '(value: number) => [string, "Usage"]' is not assignable to type 'Formatter<number, "Usage">'.
    Types of parameters 'value' and 'value' are incompatible.
      Type 'number | undefined' is not assignable to type 'number'.
        Type 'undefined' is not assignable to type 'number'.
src/app/(dashboard)/oa/settings/page.tsx(43,7): error TS2451: Cannot redeclare block-scoped variable 'TIMEZONES'.
src/app/(dashboard)/oa/settings/page.tsx(49,7): error TS2451: Cannot redeclare block-scoped variable 'INDUSTRIES'.
src/app/(dashboard)/oa/settings/page.tsx(56,7): error TS2451: Cannot redeclare block-scoped variable 'TIMEZONES'.
src/app/(dashboard)/oa/settings/page.tsx(62,7): error TS2451: Cannot redeclare block-scoped variable 'INDUSTRIES'.
src/app/(dashboard)/oa/settings/page.tsx(376,65): error TS2345: Argument of type '(p: OAOrgConfig | null) => { name: string; totalQuota?: number | undefined; plan?: string | undefined; quotaRenewsAt?: string | undefined; industry?: string | undefined; domain?: string | undefined; country?: string | undefined; supportEmail?: string | undefined; timezone?: string | undefined; }' is not assignable to parameter of type 'SetStateAction<OAOrgConfig | null>'.
  Type '(p: OAOrgConfig | null) => { name: string; totalQuota?: number | undefined; plan?: string | undefined; quotaRenewsAt?: string | undefined; industry?: string | undefined; domain?: string | undefined; country?: string | undefined; supportEmail?: string | undefined; timezone?: string | undefined; }' is not assignable to type '(prevState: OAOrgConfig | null) => OAOrgConfig | null'.
    Call signature return types '{ name: string; totalQuota?: number | undefined; plan?: string | undefined; quotaRenewsAt?: string | undefined; industry?: string | undefined; domain?: string | undefined; country?: string | undefined; supportEmail?: string | undefined; timezone?: string | undefined; }' and 'OAOrgConfig | null' are incompatible.
      The types of 'totalQuota' are incompatible between these types.
        Type 'number | undefined' is not assignable to type 'number'.
          Type 'undefined' is not assignable to type 'number'.
src/app/(dashboard)/oa/settings/page.tsx(383,70): error TS2345: Argument of type '(p: OAOrgConfig | null) => { industry: string; totalQuota?: number | undefined; plan?: string | undefined; quotaRenewsAt?: string | undefined; name?: string | undefined; domain?: string | undefined; country?: string | undefined; supportEmail?: string | undefined; timezone?: string | undefined; }' is not assignable to parameter of type 'SetStateAction<OAOrgConfig | null>'.
  Type '(p: OAOrgConfig | null) => { industry: string; totalQuota?: number | undefined; plan?: string | undefined; quotaRenewsAt?: string | undefined; name?: string | undefined; domain?: string | undefined; country?: string | undefined; supportEmail?: string | undefined; timezone?: string | undefined; }' is not assignable to type '(prevState: OAOrgConfig | null) => OAOrgConfig | null'.
    Call signature return types '{ industry: string; totalQuota?: number | undefined; plan?: string | undefined; quotaRenewsAt?: string | undefined; name?: string | undefined; domain?: string | undefined; country?: string | undefined; supportEmail?: string | undefined; timezone?: string | undefined; }' and 'OAOrgConfig | null' are incompatible.
      The types of 'totalQuota' are incompatible between these types.
        Type 'number | undefined' is not assignable to type 'number'.
          Type 'undefined' is not assignable to type 'number'.
src/app/(dashboard)/oa/settings/page.tsx(397,65): error TS2345: Argument of type '(p: OAOrgConfig | null) => { domain: string; totalQuota?: number | undefined; plan?: string | undefined; quotaRenewsAt?: string | undefined; name?: string | undefined; industry?: string | undefined; country?: string | undefined; supportEmail?: string | undefined; timezone?: string | undefined; }' is not assignable to parameter of type 'SetStateAction<OAOrgConfig | null>'.
  Type '(p: OAOrgConfig | null) => { domain: string; totalQuota?: number | undefined; plan?: string | undefined; quotaRenewsAt?: string | undefined; name?: string | undefined; industry?: string | undefined; country?: string | undefined; supportEmail?: string | undefined; timezone?: string | undefined; }' is not assignable to type '(prevState: OAOrgConfig | null) => OAOrgConfig | null'.
    Call signature return types '{ domain: string; totalQuota?: number | undefined; plan?: string | undefined; quotaRenewsAt?: string | undefined; name?: string | undefined; industry?: string | undefined; country?: string | undefined; supportEmail?: string | undefined; timezone?: string | undefined; }' and 'OAOrgConfig | null' are incompatible.
      The types of 'totalQuota' are incompatible between these types.
        Type 'number | undefined' is not assignable to type 'number'.
          Type 'undefined' is not assignable to type 'number'.
src/app/(dashboard)/oa/settings/page.tsx(404,65): error TS2345: Argument of type '(p: OAOrgConfig | null) => { country: string; totalQuota?: number | undefined; plan?: string | undefined; quotaRenewsAt?: string | undefined; name?: string | undefined; industry?: string | undefined; domain?: string | undefined; supportEmail?: string | undefined; timezone?: string | undefined; }' is not assignable to parameter of type 'SetStateAction<OAOrgConfig | null>'.
  Type '(p: OAOrgConfig | null) => { country: string; totalQuota?: number | undefined; plan?: string | undefined; quotaRenewsAt?: string | undefined; name?: string | undefined; industry?: string | undefined; domain?: string | undefined; supportEmail?: string | undefined; timezone?: string | undefined; }' is not assignable to type '(prevState: OAOrgConfig | null) => OAOrgConfig | null'.
    Call signature return types '{ country: string; totalQuota?: number | undefined; plan?: string | undefined; quotaRenewsAt?: string | undefined; name?: string | undefined; industry?: string | undefined; domain?: string | undefined; supportEmail?: string | undefined; timezone?: string | undefined; }' and 'OAOrgConfig | null' are incompatible.
      The types of 'totalQuota' are incompatible between these types.
        Type 'number | undefined' is not assignable to type 'number'.
          Type 'undefined' is not assignable to type 'number'.
src/app/(dashboard)/oa/settings/page.tsx(411,70): error TS2345: Argument of type '(p: OAOrgConfig | null) => { timezone: string; totalQuota?: number | undefined; plan?: string | undefined; quotaRenewsAt?: string | undefined; name?: string | undefined; industry?: string | undefined; domain?: string | undefined; country?: string | undefined; supportEmail?: string | undefined; }' is not assignable to parameter of type 'SetStateAction<OAOrgConfig | null>'.
  Type '(p: OAOrgConfig | null) => { timezone: string; totalQuota?: number | undefined; plan?: string | undefined; quotaRenewsAt?: string | undefined; name?: string | undefined; industry?: string | undefined; domain?: string | undefined; country?: string | undefined; supportEmail?: string | undefined; }' is not assignable to type '(prevState: OAOrgConfig | null) => OAOrgConfig | null'.
    Call signature return types '{ timezone: string; totalQuota?: number | undefined; plan?: string | undefined; quotaRenewsAt?: string | undefined; name?: string | undefined; industry?: string | undefined; domain?: string | undefined; country?: string | undefined; supportEmail?: string | undefined; }' and 'OAOrgConfig | null' are incompatible.
      The types of 'totalQuota' are incompatible between these types.
        Type 'number | undefined' is not assignable to type 'number'.
          Type 'undefined' is not assignable to type 'number'.
src/app/(dashboard)/oa/settings/page.tsx(426,65): error TS2345: Argument of type '(p: OAOrgConfig | null) => { supportEmail: string; totalQuota?: number | undefined; plan?: string | undefined; quotaRenewsAt?: string | undefined; name?: string | undefined; industry?: string | undefined; domain?: string | undefined; country?: string | undefined; timezone?: string | undefined; }' is not assignable to parameter of type 'SetStateAction<OAOrgConfig | null>'.
  Type '(p: OAOrgConfig | null) => { supportEmail: string; totalQuota?: number | undefined; plan?: string | undefined; quotaRenewsAt?: string | undefined; name?: string | undefined; industry?: string | undefined; domain?: string | undefined; country?: string | undefined; timezone?: string | undefined; }' is not assignable to type '(prevState: OAOrgConfig | null) => OAOrgConfig | null'.
    Call signature return types '{ supportEmail: string; totalQuota?: number | undefined; plan?: string | undefined; quotaRenewsAt?: string | undefined; name?: string | undefined; industry?: string | undefined; domain?: string | undefined; country?: string | undefined; timezone?: string | undefined; }' and 'OAOrgConfig | null' are incompatible.
      The types of 'totalQuota' are incompatible between these types.
        Type 'number | undefined' is not assignable to type 'number'.
          Type 'undefined' is not assignable to type 'number'.
src/app/(dashboard)/oa/settings/page.tsx(446,74): error TS2345: Argument of type '(p: OAEmployeeDefaults | null) => { defaultDepartment: string; defaultRole?: string | undefined; monthlyLimit?: number | undefined; autoApprove?: boolean | undefined; }' is not assignable to parameter of type 'SetStateAction<OAEmployeeDefaults | null>'.
  Type '(p: OAEmployeeDefaults | null) => { defaultDepartment: string; defaultRole?: string | undefined; monthlyLimit?: number | undefined; autoApprove?: boolean | undefined; }' is not assignable to type '(prevState: OAEmployeeDefaults | null) => OAEmployeeDefaults | null'.
    Call signature return types '{ defaultDepartment: string; defaultRole?: string | undefined; monthlyLimit?: number | undefined; autoApprove?: boolean | undefined; }' and 'OAEmployeeDefaults | null' are incompatible.
      The types of 'defaultRole' are incompatible between these types.
        Type 'string | undefined' is not assignable to type 'string'.
          Type 'undefined' is not assignable to type 'string'.
src/app/(dashboard)/oa/settings/page.tsx(461,74): error TS2345: Argument of type '(p: OAEmployeeDefaults | null) => { defaultRole: string; defaultDepartment?: string | undefined; monthlyLimit?: number | undefined; autoApprove?: boolean | undefined; }' is not assignable to parameter of type 'SetStateAction<OAEmployeeDefaults | null>'.
  Type '(p: OAEmployeeDefaults | null) => { defaultRole: string; defaultDepartment?: string | undefined; monthlyLimit?: number | undefined; autoApprove?: boolean | undefined; }' is not assignable to type '(prevState: OAEmployeeDefaults | null) => OAEmployeeDefaults | null'.
    Call signature return types '{ defaultRole: string; defaultDepartment?: string | undefined; monthlyLimit?: number | undefined; autoApprove?: boolean | undefined; }' and 'OAEmployeeDefaults | null' are incompatible.
      The types of 'defaultDepartment' are incompatible between these types.
        Type 'string | undefined' is not assignable to type 'string'.
          Type 'undefined' is not assignable to type 'string'.
src/app/(dashboard)/oa/settings/page.tsx(476,69): error TS2345: Argument of type '(p: OAEmployeeDefaults | null) => { monthlyLimit: number; defaultDepartment?: string | undefined; defaultRole?: string | undefined; autoApprove?: boolean | undefined; }' is not assignable to parameter of type 'SetStateAction<OAEmployeeDefaults | null>'.
  Type '(p: OAEmployeeDefaults | null) => { monthlyLimit: number; defaultDepartment?: string | undefined; defaultRole?: string | undefined; autoApprove?: boolean | undefined; }' is not assignable to type '(prevState: OAEmployeeDefaults | null) => OAEmployeeDefaults | null'.
    Call signature return types '{ monthlyLimit: number; defaultDepartment?: string | undefined; defaultRole?: string | undefined; autoApprove?: boolean | undefined; }' and 'OAEmployeeDefaults | null' are incompatible.
      The types of 'defaultDepartment' are incompatible between these types.
        Type 'string | undefined' is not assignable to type 'string'.
          Type 'undefined' is not assignable to type 'string'.
src/app/(dashboard)/oa/settings/page.tsx(485,69): error TS2345: Argument of type '(p: OAEmployeeDefaults | null) => { autoApprove: boolean; defaultDepartment?: string | undefined; defaultRole?: string | undefined; monthlyLimit?: number | undefined; }' is not assignable to parameter of type 'SetStateAction<OAEmployeeDefaults | null>'.
  Type '(p: OAEmployeeDefaults | null) => { autoApprove: boolean; defaultDepartment?: string | undefined; defaultRole?: string | undefined; monthlyLimit?: number | undefined; }' is not assignable to type '(prevState: OAEmployeeDefaults | null) => OAEmployeeDefaults | null'.
    Call signature return types '{ autoApprove: boolean; defaultDepartment?: string | undefined; defaultRole?: string | undefined; monthlyLimit?: number | undefined; }' and 'OAEmployeeDefaults | null' are incompatible.
      The types of 'defaultDepartment' are incompatible between these types.
        Type 'string | undefined' is not assignable to type 'string'.
          Type 'undefined' is not assignable to type 'string'.
src/app/(dashboard)/oa/settings/page.tsx(506,71): error TS2345: Argument of type '(p: OANotificationSettings | null) => { emailNotifications: boolean; weeklyDigest?: boolean | undefined; quotaAlerts?: boolean | undefined; quotaAlertThreshold?: number | undefined; }' is not assignable to parameter of type 'SetStateAction<OANotificationSettings | null>'.
  Type '(p: OANotificationSettings | null) => { emailNotifications: boolean; weeklyDigest?: boolean | undefined; quotaAlerts?: boolean | undefined; quotaAlertThreshold?: number | undefined; }' is not assignable to type '(prevState: OANotificationSettings | null) => OANotificationSettings | null'.
    Call signature return types '{ emailNotifications: boolean; weeklyDigest?: boolean | undefined; quotaAlerts?: boolean | undefined; quotaAlertThreshold?: number | undefined; }' and 'OANotificationSettings | null' are incompatible.
      The types of 'weeklyDigest' are incompatible between these types.
        Type 'boolean | undefined' is not assignable to type 'boolean'.
          Type 'undefined' is not assignable to type 'boolean'.
src/app/(dashboard)/oa/settings/page.tsx(512,71): error TS2345: Argument of type '(p: OANotificationSettings | null) => { weeklyDigest: boolean; emailNotifications?: boolean | undefined; quotaAlerts?: boolean | undefined; quotaAlertThreshold?: number | undefined; }' is not assignable to parameter of type 'SetStateAction<OANotificationSettings | null>'.
  Type '(p: OANotificationSettings | null) => { weeklyDigest: boolean; emailNotifications?: boolean | undefined; quotaAlerts?: boolean | undefined; quotaAlertThreshold?: number | undefined; }' is not assignable to type '(prevState: OANotificationSettings | null) => OANotificationSettings | null'.
    Call signature return types '{ weeklyDigest: boolean; emailNotifications?: boolean | undefined; quotaAlerts?: boolean | undefined; quotaAlertThreshold?: number | undefined; }' and 'OANotificationSettings | null' are incompatible.
      The types of 'emailNotifications' are incompatible between these types.
        Type 'boolean | undefined' is not assignable to type 'boolean'.
          Type 'undefined' is not assignable to type 'boolean'.
src/app/(dashboard)/oa/settings/page.tsx(530,79): error TS2345: Argument of type '(p: OANotificationSettings | null) => { quotaAlertThreshold: number; emailNotifications?: boolean | undefined; weeklyDigest?: boolean | undefined; quotaAlerts?: boolean | undefined; }' is not assignable to parameter of type 'SetStateAction<OANotificationSettings | null>'.
  Type '(p: OANotificationSettings | null) => { quotaAlertThreshold: number; emailNotifications?: boolean | undefined; weeklyDigest?: boolean | undefined; quotaAlerts?: boolean | undefined; }' is not assignable to type '(prevState: OANotificationSettings | null) => OANotificationSettings | null'.
    Call signature return types '{ quotaAlertThreshold: number; emailNotifications?: boolean | undefined; weeklyDigest?: boolean | undefined; quotaAlerts?: boolean | undefined; }' and 'OANotificationSettings | null' are incompatible.
      The types of 'emailNotifications' are incompatible between these types.
        Type 'boolean | undefined' is not assignable to type 'boolean'.
          Type 'undefined' is not assignable to type 'boolean'.
src/app/(dashboard)/oa/settings/page.tsx(535,86): error TS2345: Argument of type '(p: OANotificationSettings | null) => { quotaAlerts: boolean; emailNotifications?: boolean | undefined; weeklyDigest?: boolean | undefined; quotaAlertThreshold?: number | undefined; }' is not assignable to parameter of type 'SetStateAction<OANotificationSettings | null>'.
  Type '(p: OANotificationSettings | null) => { quotaAlerts: boolean; emailNotifications?: boolean | undefined; weeklyDigest?: boolean | undefined; quotaAlertThreshold?: number | undefined; }' is not assignable to type '(prevState: OANotificationSettings | null) => OANotificationSettings | null'.
    Call signature return types '{ quotaAlerts: boolean; emailNotifications?: boolean | undefined; weeklyDigest?: boolean | undefined; quotaAlertThreshold?: number | undefined; }' and 'OANotificationSettings | null' are incompatible.
      The types of 'emailNotifications' are incompatible between these types.
        Type 'boolean | undefined' is not assignable to type 'boolean'.
          Type 'undefined' is not assignable to type 'boolean'.
src/app/(dashboard)/oa/settings/page.tsx(563,66): error TS2345: Argument of type '(p: OASecuritySettings | null) => { enforce2FA: boolean; minPasswordLength?: number | undefined; requireUppercase?: boolean | undefined; requireSpecialChar?: boolean | undefined; ... 6 more ...; ipWhitelistValue?: string | undefined; }' is not assignable to parameter of type 'SetStateAction<OASecuritySettings | null>'.
  Type '(p: OASecuritySettings | null) => { enforce2FA: boolean; minPasswordLength?: number | undefined; requireUppercase?: boolean | undefined; requireSpecialChar?: boolean | undefined; ... 6 more ...; ipWhitelistValue?: string | undefined; }' is not assignable to type '(prevState: OASecuritySettings | null) => OASecuritySettings | null'.
    Call signature return types '{ enforce2FA: boolean; minPasswordLength?: number | undefined; requireUppercase?: boolean | undefined; requireSpecialChar?: boolean | undefined; sessionTimeout?: number | undefined; ... 5 more ...; ipWhitelistValue?: string | undefined; }' and 'OASecuritySettings | null' are incompatible.
      The types of 'minPasswordLength' are incompatible between these types.
        Type 'number | undefined' is not assignable to type 'number'.
          Type 'undefined' is not assignable to type 'number'.
src/app/(dashboard)/oa/settings/page.tsx(570,66): error TS2345: Argument of type '(p: OASecuritySettings | null) => { requireUppercase: boolean; enforce2FA?: boolean | undefined; minPasswordLength?: number | undefined; requireSpecialChar?: boolean | undefined; ... 6 more ...; ipWhitelistValue?: string | undefined; }' is not assignable to parameter of type 'SetStateAction<OASecuritySettings | null>'.
  Type '(p: OASecuritySettings | null) => { requireUppercase: boolean; enforce2FA?: boolean | undefined; minPasswordLength?: number | undefined; requireSpecialChar?: boolean | undefined; ... 6 more ...; ipWhitelistValue?: string | undefined; }' is not assignable to type '(prevState: OASecuritySettings | null) => OASecuritySettings | null'.
    Call signature return types '{ requireUppercase: boolean; enforce2FA?: boolean | undefined; minPasswordLength?: number | undefined; requireSpecialChar?: boolean | undefined; sessionTimeout?: number | undefined; ... 5 more ...; ipWhitelistValue?: string | undefined; }' and 'OASecuritySettings | null' are incompatible.
      The types of 'enforce2FA' are incompatible between these types.
        Type 'boolean | undefined' is not assignable to type 'boolean'.
          Type 'undefined' is not assignable to type 'boolean'.
src/app/(dashboard)/oa/settings/page.tsx(577,66): error TS2345: Argument of type '(p: OASecuritySettings | null) => { requireSpecialChar: boolean; enforce2FA?: boolean | undefined; minPasswordLength?: number | undefined; requireUppercase?: boolean | undefined; ... 6 more ...; ipWhitelistValue?: string | undefined; }' is not assignable to parameter of type 'SetStateAction<OASecuritySettings | null>'.
  Type '(p: OASecuritySettings | null) => { requireSpecialChar: boolean; enforce2FA?: boolean | undefined; minPasswordLength?: number | undefined; requireUppercase?: boolean | undefined; ... 6 more ...; ipWhitelistValue?: string | undefined; }' is not assignable to type '(prevState: OASecuritySettings | null) => OASecuritySettings | null'.
    Call signature return types '{ requireSpecialChar: boolean; enforce2FA?: boolean | undefined; minPasswordLength?: number | undefined; requireUppercase?: boolean | undefined; sessionTimeout?: number | undefined; ... 5 more ...; ipWhitelistValue?: string | undefined; }' and 'OASecuritySettings | null' are incompatible.
      The types of 'enforce2FA' are incompatible between these types.
        Type 'boolean | undefined' is not assignable to type 'boolean'.
          Type 'undefined' is not assignable to type 'boolean'.
src/app/(dashboard)/oa/settings/page.tsx(590,70): error TS2345: Argument of type '(p: OASecuritySettings | null) => { minPasswordLength: number; enforce2FA?: boolean | undefined; requireUppercase?: boolean | undefined; requireSpecialChar?: boolean | undefined; ... 6 more ...; ipWhitelistValue?: string | undefined; }' is not assignable to parameter of type 'SetStateAction<OASecuritySettings | null>'.
  Type '(p: OASecuritySettings | null) => { minPasswordLength: number; enforce2FA?: boolean | undefined; requireUppercase?: boolean | undefined; requireSpecialChar?: boolean | undefined; ... 6 more ...; ipWhitelistValue?: string | undefined; }' is not assignable to type '(prevState: OASecuritySettings | null) => OASecuritySettings | null'.
    Call signature return types '{ minPasswordLength: number; enforce2FA?: boolean | undefined; requireUppercase?: boolean | undefined; requireSpecialChar?: boolean | undefined; sessionTimeout?: number | undefined; ... 5 more ...; ipWhitelistValue?: string | undefined; }' and 'OASecuritySettings | null' are incompatible.
      The types of 'enforce2FA' are incompatible between these types.
        Type 'boolean | undefined' is not assignable to type 'boolean'.
          Type 'undefined' is not assignable to type 'boolean'.
src/app/(dashboard)/oa/settings/page.tsx(599,70): error TS2345: Argument of type '(p: OASecuritySettings | null) => { sessionTimeout: number; enforce2FA?: boolean | undefined; minPasswordLength?: number | undefined; requireUppercase?: boolean | undefined; ... 6 more ...; ipWhitelistValue?: string | undefined; }' is not assignable to parameter of type 'SetStateAction<OASecuritySettings | null>'.
  Type '(p: OASecuritySettings | null) => { sessionTimeout: number; enforce2FA?: boolean | undefined; minPasswordLength?: number | undefined; requireUppercase?: boolean | undefined; ... 6 more ...; ipWhitelistValue?: string | undefined; }' is not assignable to type '(prevState: OASecuritySettings | null) => OASecuritySettings | null'.
    Call signature return types '{ sessionTimeout: number; enforce2FA?: boolean | undefined; minPasswordLength?: number | undefined; requireUppercase?: boolean | undefined; requireSpecialChar?: boolean | undefined; ... 5 more ...; ipWhitelistValue?: string | undefined; }' and 'OASecuritySettings | null' are incompatible.
      The types of 'enforce2FA' are incompatible between these types.
        Type 'boolean | undefined' is not assignable to type 'boolean'.
          Type 'undefined' is not assignable to type 'boolean'.
src/app/(dashboard)/oa/settings/page.tsx(609,70): error TS2345: Argument of type '(p: OASecuritySettings | null) => { maxConcurrentSessions: number; enforce2FA?: boolean | undefined; minPasswordLength?: number | undefined; requireUppercase?: boolean | undefined; ... 6 more ...; ipWhitelistValue?: string | undefined; }' is not assignable to parameter of type 'SetStateAction<OASecuritySettings | null>'.
  Type '(p: OASecuritySettings | null) => { maxConcurrentSessions: number; enforce2FA?: boolean | undefined; minPasswordLength?: number | undefined; requireUppercase?: boolean | undefined; ... 6 more ...; ipWhitelistValue?: string | undefined; }' is not assignable to type '(prevState: OASecuritySettings | null) => OASecuritySettings | null'.
    Call signature return types '{ maxConcurrentSessions: number; enforce2FA?: boolean | undefined; minPasswordLength?: number | undefined; requireUppercase?: boolean | undefined; requireSpecialChar?: boolean | undefined; ... 5 more ...; ipWhitelistValue?: string | undefined; }' and 'OASecuritySettings | null' are incompatible.
      The types of 'enforce2FA' are incompatible between these types.
        Type 'boolean | undefined' is not assignable to type 'boolean'.
          Type 'undefined' is not assignable to type 'boolean'.
src/app/(dashboard)/oa/settings/page.tsx(631,66): error TS2345: Argument of type '(p: OASecuritySettings | null) => { allowFileUploads: boolean; enforce2FA?: boolean | undefined; minPasswordLength?: number | undefined; requireUppercase?: boolean | undefined; ... 6 more ...; ipWhitelistValue?: string | undefined; }' is not assignable to parameter of type 'SetStateAction<OASecuritySettings | null>'.
  Type '(p: OASecuritySettings | null) => { allowFileUploads: boolean; enforce2FA?: boolean | undefined; minPasswordLength?: number | undefined; requireUppercase?: boolean | undefined; ... 6 more ...; ipWhitelistValue?: string | undefined; }' is not assignable to type '(prevState: OASecuritySettings | null) => OASecuritySettings | null'.
    Call signature return types '{ allowFileUploads: boolean; enforce2FA?: boolean | undefined; minPasswordLength?: number | undefined; requireUppercase?: boolean | undefined; requireSpecialChar?: boolean | undefined; ... 5 more ...; ipWhitelistValue?: string | undefined; }' and 'OASecuritySettings | null' are incompatible.
      The types of 'enforce2FA' are incompatible between these types.
        Type 'boolean | undefined' is not assignable to type 'boolean'.
          Type 'undefined' is not assignable to type 'boolean'.
src/app/(dashboard)/oa/settings/page.tsx(638,66): error TS2345: Argument of type '(p: OASecuritySettings | null) => { allowSpeechToText: boolean; enforce2FA?: boolean | undefined; minPasswordLength?: number | undefined; requireUppercase?: boolean | undefined; ... 6 more ...; ipWhitelistValue?: string | undefined; }' is not assignable to parameter of type 'SetStateAction<OASecuritySettings | null>'.
  Type '(p: OASecuritySettings | null) => { allowSpeechToText: boolean; enforce2FA?: boolean | undefined; minPasswordLength?: number | undefined; requireUppercase?: boolean | undefined; ... 6 more ...; ipWhitelistValue?: string | undefined; }' is not assignable to type '(prevState: OASecuritySettings | null) => OASecuritySettings | null'.
    Call signature return types '{ allowSpeechToText: boolean; enforce2FA?: boolean | undefined; minPasswordLength?: number | undefined; requireUppercase?: boolean | undefined; requireSpecialChar?: boolean | undefined; ... 5 more ...; ipWhitelistValue?: string | undefined; }' and 'OASecuritySettings | null' are incompatible.
      The types of 'enforce2FA' are incompatible between these types.
        Type 'boolean | undefined' is not assignable to type 'boolean'.
          Type 'undefined' is not assignable to type 'boolean'.
src/app/(dashboard)/oa/settings/page.tsx(645,66): error TS2345: Argument of type '(p: OASecuritySettings | null) => { allowApiAccess: boolean; enforce2FA?: boolean | undefined; minPasswordLength?: number | undefined; requireUppercase?: boolean | undefined; ... 6 more ...; ipWhitelistValue?: string | undefined; }' is not assignable to parameter of type 'SetStateAction<OASecuritySettings | null>'.
  Type '(p: OASecuritySettings | null) => { allowApiAccess: boolean; enforce2FA?: boolean | undefined; minPasswordLength?: number | undefined; requireUppercase?: boolean | undefined; ... 6 more ...; ipWhitelistValue?: string | undefined; }' is not assignable to type '(prevState: OASecuritySettings | null) => OASecuritySettings | null'.
    Call signature return types '{ allowApiAccess: boolean; enforce2FA?: boolean | undefined; minPasswordLength?: number | undefined; requireUppercase?: boolean | undefined; requireSpecialChar?: boolean | undefined; ... 5 more ...; ipWhitelistValue?: string | undefined; }' and 'OASecuritySettings | null' are incompatible.
      The types of 'enforce2FA' are incompatible between these types.
        Type 'boolean | undefined' is not assignable to type 'boolean'.
          Type 'undefined' is not assignable to type 'boolean'.
src/app/(dashboard)/oa/settings/page.tsx(653,66): error TS2345: Argument of type '(p: OASecuritySettings | null) => { ipWhitelist: boolean; enforce2FA?: boolean | undefined; minPasswordLength?: number | undefined; requireUppercase?: boolean | undefined; ... 6 more ...; ipWhitelistValue?: string | undefined; }' is not assignable to parameter of type 'SetStateAction<OASecuritySettings | null>'.
  Type '(p: OASecuritySettings | null) => { ipWhitelist: boolean; enforce2FA?: boolean | undefined; minPasswordLength?: number | undefined; requireUppercase?: boolean | undefined; ... 6 more ...; ipWhitelistValue?: string | undefined; }' is not assignable to type '(prevState: OASecuritySettings | null) => OASecuritySettings | null'.
    Call signature return types '{ ipWhitelist: boolean; enforce2FA?: boolean | undefined; minPasswordLength?: number | undefined; requireUppercase?: boolean | undefined; requireSpecialChar?: boolean | undefined; ... 5 more ...; ipWhitelistValue?: string | undefined; }' and 'OASecuritySettings | null' are incompatible.
      The types of 'enforce2FA' are incompatible between these types.
        Type 'boolean | undefined' is not assignable to type 'boolean'.
          Type 'undefined' is not assignable to type 'boolean'.
src/app/(dashboard)/oa/settings/page.tsx(663,70): error TS2345: Argument of type '(p: OASecuritySettings | null) => { ipWhitelistValue: string; enforce2FA?: boolean | undefined; minPasswordLength?: number | undefined; requireUppercase?: boolean | undefined; ... 6 more ...; ipWhitelist?: boolean | undefined; }' is not assignable to parameter of type 'SetStateAction<OASecuritySettings | null>'.
  Type '(p: OASecuritySettings | null) => { ipWhitelistValue: string; enforce2FA?: boolean | undefined; minPasswordLength?: number | undefined; requireUppercase?: boolean | undefined; ... 6 more ...; ipWhitelist?: boolean | undefined; }' is not assignable to type '(prevState: OASecuritySettings | null) => OASecuritySettings | null'.
    Call signature return types '{ ipWhitelistValue: string; enforce2FA?: boolean | undefined; minPasswordLength?: number | undefined; requireUppercase?: boolean | undefined; requireSpecialChar?: boolean | undefined; ... 5 more ...; ipWhitelist?: boolean | undefined; }' and 'OASecuritySettings | null' are incompatible.
      The types of 'enforce2FA' are incompatible between these types.
        Type 'boolean | undefined' is not assignable to type 'boolean'.
          Type 'undefined' is not assignable to type 'boolean'.
src/app/(dashboard)/oa/settings/page.tsx(726,78): error TS2345: Argument of type '(p: OAOrgPolicy | null) => { fileUpload: boolean; speechToText?: boolean | undefined; allModels?: boolean | undefined; permittedModels?: string[] | undefined; defaultDailyLimit?: number | undefined; maxDailyLimit?: number | undefined; allowApiAccess?: boolean | undefined; }' is not assignable to parameter of type 'SetStateAction<OAOrgPolicy | null>'.
  Type '(p: OAOrgPolicy | null) => { fileUpload: boolean; speechToText?: boolean | undefined; allModels?: boolean | undefined; permittedModels?: string[] | undefined; defaultDailyLimit?: number | undefined; maxDailyLimit?: number | undefined; allowApiAccess?: boolean | undefined; }' is not assignable to type '(prevState: OAOrgPolicy | null) => OAOrgPolicy | null'.
    Call signature return types '{ fileUpload: boolean; speechToText?: boolean | undefined; allModels?: boolean | undefined; permittedModels?: string[] | undefined; defaultDailyLimit?: number | undefined; maxDailyLimit?: number | undefined; allowApiAccess?: boolean | undefined; }' and 'OAOrgPolicy | null' are incompatible.
      The types of 'speechToText' are incompatible between these types.
        Type 'boolean | undefined' is not assignable to type 'boolean'.
          Type 'undefined' is not assignable to type 'boolean'.
src/app/(dashboard)/oa/settings/page.tsx(736,78): error TS2345: Argument of type '(p: OAOrgPolicy | null) => { speechToText: boolean; fileUpload?: boolean | undefined; allModels?: boolean | undefined; permittedModels?: string[] | undefined; defaultDailyLimit?: number | undefined; maxDailyLimit?: number | undefined; allowApiAccess?: boolean | undefined; }' is not assignable to parameter of type 'SetStateAction<OAOrgPolicy | null>'.
  Type '(p: OAOrgPolicy | null) => { speechToText: boolean; fileUpload?: boolean | undefined; allModels?: boolean | undefined; permittedModels?: string[] | undefined; defaultDailyLimit?: number | undefined; maxDailyLimit?: number | undefined; allowApiAccess?: boolean | undefined; }' is not assignable to type '(prevState: OAOrgPolicy | null) => OAOrgPolicy | null'.
    Call signature return types '{ speechToText: boolean; fileUpload?: boolean | undefined; allModels?: boolean | undefined; permittedModels?: string[] | undefined; defaultDailyLimit?: number | undefined; maxDailyLimit?: number | undefined; allowApiAccess?: boolean | undefined; }' and 'OAOrgPolicy | null' are incompatible.
      The types of 'fileUpload' are incompatible between these types.
        Type 'boolean | undefined' is not assignable to type 'boolean'.
          Type 'undefined' is not assignable to type 'boolean'.
src/app/(dashboard)/oa/settings/page.tsx(756,78): error TS2345: Argument of type '(p: OAOrgPolicy | null) => { allModels: boolean; fileUpload?: boolean | undefined; speechToText?: boolean | undefined; permittedModels?: string[] | undefined; defaultDailyLimit?: number | undefined; maxDailyLimit?: number | undefined; allowApiAccess?: boolean | undefined; }' is not assignable to parameter of type 'SetStateAction<OAOrgPolicy | null>'.
  Type '(p: OAOrgPolicy | null) => { allModels: boolean; fileUpload?: boolean | undefined; speechToText?: boolean | undefined; permittedModels?: string[] | undefined; defaultDailyLimit?: number | undefined; maxDailyLimit?: number | undefined; allowApiAccess?: boolean | undefined; }' is not assignable to type '(prevState: OAOrgPolicy | null) => OAOrgPolicy | null'.
    Call signature return types '{ allModels: boolean; fileUpload?: boolean | undefined; speechToText?: boolean | undefined; permittedModels?: string[] | undefined; defaultDailyLimit?: number | undefined; maxDailyLimit?: number | undefined; allowApiAccess?: boolean | undefined; }' and 'OAOrgPolicy | null' are incompatible.
      The types of 'fileUpload' are incompatible between these types.
        Type 'boolean | undefined' is not assignable to type 'boolean'.
          Type 'undefined' is not assignable to type 'boolean'.
src/app/(dashboard)/oa/settings/page.tsx(766,78): error TS2345: Argument of type '(p: OAOrgPolicy | null) => { allowApiAccess: boolean; fileUpload?: boolean | undefined; speechToText?: boolean | undefined; allModels?: boolean | undefined; permittedModels?: string[] | undefined; defaultDailyLimit?: number | undefined; maxDailyLimit?: number | undefined; }' is not assignable to parameter of type 'SetStateAction<OAOrgPolicy | null>'.
  Type '(p: OAOrgPolicy | null) => { allowApiAccess: boolean; fileUpload?: boolean | undefined; speechToText?: boolean | undefined; allModels?: boolean | undefined; permittedModels?: string[] | undefined; defaultDailyLimit?: number | undefined; maxDailyLimit?: number | undefined; }' is not assignable to type '(prevState: OAOrgPolicy | null) => OAOrgPolicy | null'.
    Call signature return types '{ allowApiAccess: boolean; fileUpload?: boolean | undefined; speechToText?: boolean | undefined; allModels?: boolean | undefined; permittedModels?: string[] | undefined; defaultDailyLimit?: number | undefined; maxDailyLimit?: number | undefined; }' and 'OAOrgPolicy | null' are incompatible.
      The types of 'fileUpload' are incompatible between these types.
        Type 'boolean | undefined' is not assignable to type 'boolean'.
          Type 'undefined' is not assignable to type 'boolean'.
src/app/(dashboard)/oa/settings/page.tsx(786,77): error TS2345: Argument of type '(p: OAOrgPolicy | null) => { permittedModels: string[]; fileUpload?: boolean | undefined; speechToText?: boolean | undefined; allModels?: boolean | undefined; defaultDailyLimit?: number | undefined; maxDailyLimit?: number | undefined; allowApiAccess?: boolean | undefined; }' is not assignable to parameter of type 'SetStateAction<OAOrgPolicy | null>'.
  Type '(p: OAOrgPolicy | null) => { permittedModels: string[]; fileUpload?: boolean | undefined; speechToText?: boolean | undefined; allModels?: boolean | undefined; defaultDailyLimit?: number | undefined; maxDailyLimit?: number | undefined; allowApiAccess?: boolean | undefined; }' is not assignable to type '(prevState: OAOrgPolicy | null) => OAOrgPolicy | null'.
    Call signature return types '{ permittedModels: string[]; fileUpload?: boolean | undefined; speechToText?: boolean | undefined; allModels?: boolean | undefined; defaultDailyLimit?: number | undefined; maxDailyLimit?: number | undefined; allowApiAccess?: boolean | undefined; }' and 'OAOrgPolicy | null' are incompatible.
      The types of 'fileUpload' are incompatible between these types.
        Type 'boolean | undefined' is not assignable to type 'boolean'.
          Type 'undefined' is not assignable to type 'boolean'.
src/app/(dashboard)/oa/settings/page.tsx(794,77): error TS2345: Argument of type '(p: OAOrgPolicy | null) => { permittedModels: never[]; fileUpload?: boolean | undefined; speechToText?: boolean | undefined; allModels?: boolean | undefined; defaultDailyLimit?: number | undefined; maxDailyLimit?: number | undefined; allowApiAccess?: boolean | undefined; }' is not assignable to parameter of type 'SetStateAction<OAOrgPolicy | null>'.
  Type '(p: OAOrgPolicy | null) => { permittedModels: never[]; fileUpload?: boolean | undefined; speechToText?: boolean | undefined; allModels?: boolean | undefined; defaultDailyLimit?: number | undefined; maxDailyLimit?: number | undefined; allowApiAccess?: boolean | undefined; }' is not assignable to type '(prevState: OAOrgPolicy | null) => OAOrgPolicy | null'.
    Call signature return types '{ permittedModels: never[]; fileUpload?: boolean | undefined; speechToText?: boolean | undefined; allModels?: boolean | undefined; defaultDailyLimit?: number | undefined; maxDailyLimit?: number | undefined; allowApiAccess?: boolean | undefined; }' and 'OAOrgPolicy | null' are incompatible.
      The types of 'fileUpload' are incompatible between these types.
        Type 'boolean | undefined' is not assignable to type 'boolean'.
          Type 'undefined' is not assignable to type 'boolean'.
src/app/(dashboard)/oa/settings/page.tsx(801,41): error TS2322: Type 'string[]' is not assignable to type 'LLMModel[]'.
  Type 'string' is not assignable to type 'LLMModel'.
src/app/(dashboard)/oa/settings/page.tsx(802,71): error TS2345: Argument of type '(p: OAOrgPolicy | null) => { permittedModels: LLMModel[]; fileUpload?: boolean | undefined; speechToText?: boolean | undefined; allModels?: boolean | undefined; defaultDailyLimit?: number | undefined; maxDailyLimit?: number | undefined; allowApiAccess?: boolean | undefined; }' is not assignable to parameter of type 'SetStateAction<OAOrgPolicy | null>'.
  Type '(p: OAOrgPolicy | null) => { permittedModels: LLMModel[]; fileUpload?: boolean | undefined; speechToText?: boolean | undefined; allModels?: boolean | undefined; defaultDailyLimit?: number | undefined; maxDailyLimit?: number | undefined; allowApiAccess?: boolean | undefined; }' is not assignable to type '(prevState: OAOrgPolicy | null) => OAOrgPolicy | null'.
    Call signature return types '{ permittedModels: LLMModel[]; fileUpload?: boolean | undefined; speechToText?: boolean | undefined; allModels?: boolean | undefined; defaultDailyLimit?: number | undefined; maxDailyLimit?: number | undefined; allowApiAccess?: boolean | undefined; }' and 'OAOrgPolicy | null' are incompatible.
      The types of 'fileUpload' are incompatible between these types.
        Type 'boolean | undefined' is not assignable to type 'boolean'.
          Type 'undefined' is not assignable to type 'boolean'.
src/app/(dashboard)/oa/settings/page.tsx(816,71): error TS2345: Argument of type '(p: OAOrgPolicy | null) => { defaultDailyLimit: number; fileUpload?: boolean | undefined; speechToText?: boolean | undefined; allModels?: boolean | undefined; permittedModels?: string[] | undefined; maxDailyLimit?: number | undefined; allowApiAccess?: boolean | undefined; }' is not assignable to parameter of type 'SetStateAction<OAOrgPolicy | null>'.
  Type '(p: OAOrgPolicy | null) => { defaultDailyLimit: number; fileUpload?: boolean | undefined; speechToText?: boolean | undefined; allModels?: boolean | undefined; permittedModels?: string[] | undefined; maxDailyLimit?: number | undefined; allowApiAccess?: boolean | undefined; }' is not assignable to type '(prevState: OAOrgPolicy | null) => OAOrgPolicy | null'.
    Call signature return types '{ defaultDailyLimit: number; fileUpload?: boolean | undefined; speechToText?: boolean | undefined; allModels?: boolean | undefined; permittedModels?: string[] | undefined; maxDailyLimit?: number | undefined; allowApiAccess?: boolean | undefined; }' and 'OAOrgPolicy | null' are incompatible.
      The types of 'fileUpload' are incompatible between these types.
        Type 'boolean | undefined' is not assignable to type 'boolean'.
          Type 'undefined' is not assignable to type 'boolean'.
src/app/(dashboard)/oa/settings/page.tsx(826,71): error TS2345: Argument of type '(p: OAOrgPolicy | null) => { maxDailyLimit: number; fileUpload?: boolean | undefined; speechToText?: boolean | undefined; allModels?: boolean | undefined; permittedModels?: string[] | undefined; defaultDailyLimit?: number | undefined; allowApiAccess?: boolean | undefined; }' is not assignable to parameter of type 'SetStateAction<OAOrgPolicy | null>'.
  Type '(p: OAOrgPolicy | null) => { maxDailyLimit: number; fileUpload?: boolean | undefined; speechToText?: boolean | undefined; allModels?: boolean | undefined; permittedModels?: string[] | undefined; defaultDailyLimit?: number | undefined; allowApiAccess?: boolean | undefined; }' is not assignable to type '(prevState: OAOrgPolicy | null) => OAOrgPolicy | null'.
    Call signature return types '{ maxDailyLimit: number; fileUpload?: boolean | undefined; speechToText?: boolean | undefined; allModels?: boolean | undefined; permittedModels?: string[] | undefined; defaultDailyLimit?: number | undefined; allowApiAccess?: boolean | undefined; }' and 'OAOrgPolicy | null' are incompatible.
      The types of 'fileUpload' are incompatible between these types.
        Type 'boolean | undefined' is not assignable to type 'boolean'.
          Type 'undefined' is not assignable to type 'boolean'.
src/app/(dashboard)/oa/settings/page.tsx(1137,41): error TS2322: Type 'string[]' is not assignable to type 'LLMModel[]'.
  Type 'string' is not assignable to type 'LLMModel'.
